
> react-typescript-starter@0.1.0 test
> react-scripts test "--coverage"

PASS src/text.test.tsx
PASS src/App.test.tsx
----------|---------|----------|---------|---------|-------------------
File      | % Stmts | % Branch | % Funcs | % Lines | Uncovered Line #s 
----------|---------|----------|---------|---------|-------------------
All files |     100 |      100 |     100 |     100 |                   
 App.tsx  |     100 |      100 |     100 |     100 |                   
----------|---------|----------|---------|---------|-------------------

Test Suites: 2 passed, 2 total
Tests:       2 passed, 2 total
Snapshots:   0 total
Time:        1.676 s
Ran all test suites.
